2023-06-17 21:20:48,850 INFO:NumExpr defaulting to 8 threads.
2023-06-17 21:50:31,261 INFO:NumExpr defaulting to 8 threads.
2023-06-17 21:50:32,613 DEBUG:Processed 0 chapters. That's 0.0 Percent. They contain 0 words. 1239 import errors.
